| file://:0:0:0:0 | Builtin |
| file://:0:0:0:0 | CDispatch |
| file://:0:0:0:0 | CoreFoundation |
| file://:0:0:0:0 | Dispatch |
| file://:0:0:0:0 | Foundation |
| file://:0:0:0:0 | Glibc |
| file://:0:0:0:0 | PackageDescription |
| file://:0:0:0:0 | Swift |
| file://:0:0:0:0 | SwiftGlibc |
| file://:0:0:0:0 | SwiftOnoneSupport |
| file://:0:0:0:0 | SwiftOverlayShims |
| file://:0:0:0:0 | SwiftShims |
| file://:0:0:0:0 | _Builtin_stddef_max_align_t |
| file://:0:0:0:0 | _Concurrency |
| file://:0:0:0:0 | _StringProcessing |
| file://:0:0:0:0 | __ObjC |
| file://:0:0:0:0 | cross_references |
| file://:0:0:0:0 | main |
